  console.error
    Unknown event handler property `onPress`. It will be ignored.

    [0m [90m  6 |[39m describe([32m'App Component'[39m[33m,[39m () [33m=>[39m {
     [90m  7 |[39m   it([32m'should render the app component'[39m[33m,[39m () [33m=>[39m {
    [31m[1m>[22m[39m[90m  8 |[39m     render([33m<[39m[33mApp[39m [33m/[39m[33m>[39m)[33m;[39m
     [90m    |[39m           [31m[1m^[22m[39m
     [90m  9 |[39m     expect(screen[33m.[39mgetByText([35m/Welcome to QLearn/i[39m))[33m.[39mtoBeInTheDocument()[33m;[39m
     [90m 10 |[39m   })[33m;[39m
     [90m 11 |[39m[0m

      at validateProperty (node_modules/react-dom/cjs/react-dom-client.development.js:2943:21)
      at warnUnknownProperties (node_modules/react-dom/cjs/react-dom-client.development.js:3154:9)
      at validatePropertiesInDevelopment (node_modules/react-dom/cjs/react-dom-client.development.js:17117:9)
      at setInitialProperties (node_modules/react-dom/cjs/react-dom-client.development.js:17741:7)
      at completeWork (node_modules/react-dom/cjs/react-dom-client.development.js:11391:18)
      at runWithFiberInDEV (node_modules/react-dom/cjs/react-dom-client.development.js:1522:13)
      at completeUnitOfWork (node_modules/react-dom/cjs/react-dom-client.development.js:15268:19)
      at performUnitOfWork (node_modules/react-dom/cjs/react-dom-client.development.js:15149:11)
      at workLoopSync (node_modules/react-dom/cjs/react-dom-client.development.js:14956:41)
      at renderRootSync (node_modules/react-dom/cjs/react-dom-client.development.js:14936:11)
      at performWorkOnRoot (node_modules/react-dom/cjs/react-dom-client.development.js:14419:13)
      at performWorkOnRootViaSchedulerTask (node_modules/react-dom/cjs/react-dom-client.development.js:16216:7)
      at flushActQueue (node_modules/react/cjs/react.development.js:566:34)
      at process.env.NODE_ENV.exports.act (node_modules/react/cjs/react.development.js:859:10)
      at ../node_modules/@testing-library/react/dist/act-compat.js:46:25
      at renderRoot (../node_modules/@testing-library/react/dist/pure.js:189:26)
      at render (../node_modules/@testing-library/react/dist/pure.js:291:10)
      at Object.<anonymous> (App.spec.tsx:8:11)

node.exe : FAIL 
./App.spec.tsx
Au caractère 
C:\Program Files\nodej
s\npx.ps1:29 : 3
+   & $NODE_EXE 
$NPX_CLI_JS $args
+   ~~~~~~~~~~~~~~~~~~
~~~~~~~~~~~
    + CategoryInfo    
          : NotSpeci  
  fied: (FAIL ./App   
 .spec.tsx:String)    
 [], RemoteExcept    
ion
    + FullyQualifiedE 
   rrorId : NativeCo  
  mmandError
 
  App Component
    ÔêÜ should render 
the app component (91 
ms)
    ├ù should display 
the sign in button 
when not logged in 
(11 ms)

  ÔùÅ App Component 
ÔÇ║ should display 
the sign in button 
when not logged in

    TestingLibraryElem
entError: Found 
multiple elements 
with the text: /Sign 
In/i

    Here are the 
matching elements:

    Ignored nodes: 
comments, script, 
style
    [36m<span[39m
      [33mstyle[39m=
[32m"color: rgb(255, 
255, 255); 
font-weight: 
600;"[39m
    [36m>[39m
      [0mSign In[0m
    [36m</span>[39m

    Ignored nodes: 
comments, script, 
style
    [36m<span[39m
      [33mstyle[39m=
[32m"font-size: 
18px; color: rgb(142, 
142, 147);"[39m
    [36m>[39m
      [0mSign in to 
start learning[0m
    [36m</span>[39m

    (If this is 
intentional, then use 
the `*AllBy*` variant 
of the query (like 
`queryAllByText`, 
`getAllByText`, or 
`findAllByText`)).

    Ignored nodes: 
comments, script, 
style
    [36m<body>[39m
      [36m<div>[39m
        [36m<div[39m
          [33mstyle[
39m=[32m"flex: 1 1 
0%; background-color: 
rgb(242, 242, 
247);"[39m
        [36m>[39m
          
[36m<div[39m
            [33mstyle
[39m=[32m"position: 
absolute; top: 0px; 
right: 0px; left: 
0px; z-index: 100; 
padding-top: 50px; 
flex-direction: row; 
justify-content: 
flex-end;"[39m
          [36m>[39m
            
[36m<div[39m
              [33msty
le[39m=[32m"flex-dir
ection: row; 
align-items: 
center;"[39m
            
[36m>[39m
              
[36m<button[39m
                [33ms
tyle[39m=[32m"backgr
ound-color: rgb(0, 
122, 255); 
border-radius: 
8px;"[39m
              
[36m>[39m
                
[36m<span[39m
                  [33
mstyle[39m=[32m"colo
r: rgb(255, 255, 
255); font-weight: 
600;"[39m
                
[36m>[39m
                  
[0mSign In[0m
                
[36m</span>[39m
              
[36m</button>[39m
            
[36m</div>[39m
          
[36m</div>[39m
          
[36m<div[39m
            [33mstyle
[39m=[32m"flex: 1 1 
0%; align-items: 
center; 
justify-content: 
center; padding: 
20px;"[39m
          [36m>[39m
            
[36m<div[39m
              [33msty
le[39m=[32m"align-it
ems: center;"[39m
            
[36m>[39m
              
[36m<span[39m
                [33ms
tyle[39m=[32m"font-s
ize: 28px; 
font-weight: bold; 
color: rgb(28, 28, 
30); margin-bottom: 
10px;"[39m
              
[36m>[39m
                
[0mWelcome to 
QLearn[0m
              
[36m</span>[39m
              
[36m<span[39m
                [33ms
tyle[39m=[32m"font-s
ize: 18px; color: 
rgb(142, 142, 
147);"[39m
              
[36m>[39m
                
[0mSign in to start 
learning[0m
              
[36m</span>[39m
            
[36m</div>[39m
            [36m<div 
/>[39m
          
[36m</div>[39m
        
[36m</div>[39m
      [36m</div>[39m
    [36m</body>[39m

    [0m [90m 12 
|[39m   
it([32m'should 
display the sign in 
button when not 
logged 
in'[39m[33m,[39m 
() [33m=>[39m {
     [90m 13 |[39m  
   render([33m<[39m
[33mApp[39m [33m/[3
9m[33m>[39m)[33m;[
39m
    [31m[1m>[22m[3
9m[90m 14 |[39m     
expect(screen[33m.[3
9mgetByText([35m/Sign
 In/i[39m))[33m.[39
mtoBeInTheDocument()[
33m;[39m
     [90m    |[39m  
                 
[31m[1m^[22m[39m
     [90m 15 |[39m  
 })[33m;[39m
     [90m 16 |[39m 
})[33m;[39m
     [90m 17 
|[39m[0m

      at Object.getEle
mentError (../node_mod
ules/@testing-library/
dom/dist/config.js:37:
19)
      at 
getElementError (../no
de_modules/@testing-li
brary/dom/dist/query-h
elpers.js:20:35)
      at getMultipleEl
ementsFoundError (../n
ode_modules/@testing-l
ibrary/dom/dist/query-
helpers.js:23:10)
      at ../node_modul
es/@testing-library/do
m/dist/query-helpers.j
s:55:13
      at ../node_modul
es/@testing-library/do
m/dist/query-helpers.j
s:95:19
      at 
Object.<anonymous> 
(App.spec.tsx:14:19)

Test Suites: 1 
failed, 1 total
Tests:       1 
failed, 1 passed, 2 
total
Snapshots:   0 total
Time:        3.899 s
Ran all test suites 
matching App.spec.tsx.
