
> app-ui@1.0.0 test
> jest src/application/services/UserApplicationService.spec.ts

node.exe : FAIL src/application/service
s/UserApplicationService.spec.ts
Au caractère C:\Program 
Files\nodejs\npm.ps1:29 : 3
+   & $NODE_EXE $NPM_CLI_JS $args
+   ~~~~~~~~~~~~~~~~~~~~~~~~~~~~~
    + CategoryInfo          : NotSpeci 
   fied: (FAIL src/applic...Service.s  
  pec.ts:String) [], RemoteException
    + FullyQualifiedErrorId : NativeCo 
   mmandError
 
  ÔùÅ Test suite failed to run

    Jest encountered an unexpected 
token

    Jest failed to parse a file. This 
happens e.g. when your code or its 
dependencies use non-standard 
JavaScript syntax, or when Jest is not 
configured to support such syntax.

    Out of the box Jest supports 
Babel, which will be used to transform 
your files into valid JS based on your 
Babel configuration.

    By default "node_modules" folder 
is ignored by transformers.

    Here's what you can do:
     ÔÇó If you are trying to use 
ECMAScript Modules, see https://jestjs.
io/docs/ecmascript-modules for how to 
enable it.
     ÔÇó If you are trying to use 
TypeScript, see https://jestjs.io/docs/
getting-started#using-typescript
     ÔÇó To have some of your 
"node_modules" files transformed, you 
can specify a custom 
"transformIgnorePatterns" in your 
config.
     ÔÇó If you need a custom 
transformation, specify a "transform" 
option in your config.
     ÔÇó If you simply want to mock 
your non-JS modules (e.g. binary 
assets) you can stub them out with the 
"moduleNameMapper" config option.

    You'll find more details and 
examples of these config options in 
the docs:
    
https://jestjs.io/docs/configuration
    For information about custom 
transformations, see:
    https://jestjs.io/docs/code-transfo
rmation

    Details:

    C:\Users\Tarek Bentarzi\Documents\q
learn\app-ui\node_modules\expo-constant
s\build\Constants.js:1
    import { CodedError, 
requireOptionalNativeModule } from 
'expo-modules-core';
    ^^^^^^

    SyntaxError: Cannot use import 
statement outside a module

    [0m[31m[1m>[22m[39m[90m 1 
|[39m [36mimport[39m 
[33mConstants[39m [36mfrom[39m 
[32m'expo-constants'[39m[33m;[39m
     [90m   |[39m 
[31m[1m^[22m[39m
     [90m 2 |[39m [36mimport[39m { 
[33mPlatform[39m } [36mfrom[39m 
[32m'react-native'[39m[33m;[39m
     [90m 3 |[39m
     [90m 4 |[39m [36mconst[39m 
getApiBaseUrl [33m=[39m () 
[33m=>[39m {[0m

      at Runtime.createScriptFromCode (
../node_modules/jest-runtime/build/inde
x.js:1318:40)
      at Object.<anonymous> (src/infra/
secondary/api/apiClient.ts:1:1)
      at Object.<anonymous> (src/applic
ation/services/UserApplicationService.t
s:7:1)
      at Object.<anonymous> (src/applic
ation/services/UserApplicationService.s
pec.ts:6:1)

Test Suites: 1 failed, 1 total
Tests:       0 total
Snapshots:   0 total
Time:        3.116 s
Ran all test suites matching src/applic
ation/services/UserApplicationService.s
pec.ts.
